// Jest Snapshot v1, https://goo.gl/fbAQLP

exports[`BannerAbout render renders BannerAbout unchanged 1`] = `
<div>
  <div
    class="p-16 hover:scale-105 transition-all bg-grayLight flex flex-col gap-4 items-center text-white rounded-lg xl:max-w-sm"
  >
    <svg
      class="text-7xl"
      fill="none"
      height="1em"
      stroke="currentColor"
      stroke-linecap="round"
      stroke-linejoin="round"
      stroke-width="2"
      viewBox="0 0 24 24"
      width="1em"
      xmlns="http://www.w3.org/2000/svg"
    >
      <path
        d="M0 0h24v24H0z"
        fill="none"
        stroke="none"
      />
      <path
        d="M14 4h6v6h-6z"
      />
      <path
        d="M4 14h6v6h-6z"
      />
      <path
        d="M17 17m-3 0a3 3 0 1 0 6 0a3 3 0 1 0 -6 0"
      />
      <path
        d="M7 7m-3 0a3 3 0 1 0 6 0a3 3 0 1 0 -6 0"
      />
    </svg>
    <h2
      class="text-2xl font-bold"
    >
      Titulo do card
    </h2>
    <p
      class="opacity-70 font-light"
    >
      Descrição do card
    </p>
  </div>
</div>
`;
